2025-01-04T10:29:06.5862256Z Current runner version: '2.321.0'
2025-01-04T10:29:06.5887871Z ##[group]Operating System
2025-01-04T10:29:06.5888658Z Ubuntu
2025-01-04T10:29:06.5889243Z 24.04.1
2025-01-04T10:29:06.5889747Z LTS
2025-01-04T10:29:06.5890229Z ##[endgroup]
2025-01-04T10:29:06.5890830Z ##[group]Runner Image
2025-01-04T10:29:06.5891394Z Image: ubuntu-24.04
2025-01-04T10:29:06.5891887Z Version: 20241215.1.0
2025-01-04T10:29:06.5892987Z Included Software: https://github.com/actions/runner-images/blob/ubuntu24/20241215.1/images/ubuntu/Ubuntu2404-Readme.md
2025-01-04T10:29:06.5894595Z Image Release: https://github.com/actions/runner-images/releases/tag/ubuntu24%2F20241215.1
2025-01-04T10:29:06.5895509Z ##[endgroup]
2025-01-04T10:29:06.5896118Z ##[group]Runner Image Provisioner
2025-01-04T10:29:06.5896720Z 2.0.404.1
2025-01-04T10:29:06.5897162Z ##[endgroup]
2025-01-04T10:29:06.5898324Z ##[group]GITHUB_TOKEN Permissions
2025-01-04T10:29:06.5900328Z Contents: read
2025-01-04T10:29:06.5901201Z Deployments: write
2025-01-04T10:29:06.5901806Z Metadata: read
2025-01-04T10:29:06.5902365Z ##[endgroup]
2025-01-04T10:29:06.5905694Z Secret source: Actions
2025-01-04T10:29:06.5906730Z Prepare workflow directory
2025-01-04T10:29:06.6211837Z Prepare all required actions
2025-01-04T10:29:06.6247976Z Getting action download info
2025-01-04T10:29:06.7934597Z Download action repository 'actions/checkout@v4' (SHA:11bd71901bbe5b1630ceea73d27597364c9af683)
2025-01-04T10:29:06.9240915Z Download action repository 'actions/setup-node@v4' (SHA:39370e3970a6d050c480ffad4ff0ed4d3fdee5af)
2025-01-04T10:29:07.0278716Z Download action repository 'pnpm/action-setup@v2' (SHA:eae0cfeb286e66ffb5155f1a79b90583a127a68b)
2025-01-04T10:29:07.3690867Z Download action repository 'cloudflare/pages-action@v1' (SHA:f0a1cd58cd66095dee69bfa18fa5efd1dde93bca)
2025-01-04T10:29:07.6842696Z Complete job name: deploy
2025-01-04T10:29:07.7604683Z ##[group]Run actions/checkout@v4
2025-01-04T10:29:07.7605819Z with:
2025-01-04T10:29:07.7606291Z   repository: drzo/bolt.diy-v2
2025-01-04T10:29:07.7607048Z   token: ***
2025-01-04T10:29:07.7607505Z   ssh-strict: true
2025-01-04T10:29:07.7607980Z   ssh-user: git
2025-01-04T10:29:07.7608458Z   persist-credentials: true
2025-01-04T10:29:07.7608983Z   clean: true
2025-01-04T10:29:07.7609466Z   sparse-checkout-cone-mode: true
2025-01-04T10:29:07.7610021Z   fetch-depth: 1
2025-01-04T10:29:07.7610487Z   fetch-tags: false
2025-01-04T10:29:07.7611062Z   show-progress: true
2025-01-04T10:29:07.7611668Z   lfs: false
2025-01-04T10:29:07.7612138Z   submodules: false
2025-01-04T10:29:07.7612613Z   set-safe-directory: true
2025-01-04T10:29:07.7613386Z ##[endgroup]
2025-01-04T10:29:08.0417158Z Syncing repository: drzo/bolt.diy-v2
2025-01-04T10:29:08.0419663Z ##[group]Getting Git version info
2025-01-04T10:29:08.0420738Z Working directory is '/home/runner/work/bolt.diy-v2/bolt.diy-v2'
2025-01-04T10:29:08.0422971Z [command]/usr/bin/git version
2025-01-04T10:29:08.0542883Z git version 2.47.1
2025-01-04T10:29:08.0572730Z ##[endgroup]
2025-01-04T10:29:08.0586755Z Temporarily overriding HOME='/home/runner/work/_temp/db9ef309-7ad8-4440-8518-1b847055b85e' before making global git config changes
2025-01-04T10:29:08.0589138Z Adding repository directory to the temporary git global config as a safe directory
2025-01-04T10:29:08.0599450Z [command]/usr/bin/git config --global --add safe.directory /home/runner/work/bolt.diy-v2/bolt.diy-v2
2025-01-04T10:29:08.0636498Z Deleting the contents of '/home/runner/work/bolt.diy-v2/bolt.diy-v2'
2025-01-04T10:29:08.0639904Z ##[group]Initializing the repository
2025-01-04T10:29:08.0643970Z [command]/usr/bin/git init /home/runner/work/bolt.diy-v2/bolt.diy-v2
2025-01-04T10:29:08.0800696Z hint: Using 'master' as the name for the initial branch. This default branch name
2025-01-04T10:29:08.0802914Z hint: is subject to change. To configure the initial branch name to use in all
2025-01-04T10:29:08.0805159Z hint: of your new repositories, which will suppress this warning, call:
2025-01-04T10:29:08.0807098Z hint:
2025-01-04T10:29:08.0808511Z hint: 	git config --global init.defaultBranch <name>
2025-01-04T10:29:08.0811096Z hint:
2025-01-04T10:29:08.0813247Z hint: Names commonly chosen instead of 'master' are 'main', 'trunk' and
2025-01-04T10:29:08.0816837Z hint: 'development'. The just-created branch can be renamed via this command:
2025-01-04T10:29:08.0819579Z hint:
2025-01-04T10:29:08.0821144Z hint: 	git branch -m <name>
2025-01-04T10:29:08.0824049Z Initialized empty Git repository in /home/runner/work/bolt.diy-v2/bolt.diy-v2/.git/
2025-01-04T10:29:08.0829579Z [command]/usr/bin/git remote add origin https://github.com/drzo/bolt.diy-v2
2025-01-04T10:29:08.0884059Z ##[endgroup]
2025-01-04T10:29:08.0887111Z ##[group]Disabling automatic garbage collection
2025-01-04T10:29:08.0889526Z [command]/usr/bin/git config --local gc.auto 0
2025-01-04T10:29:08.0918409Z ##[endgroup]
2025-01-04T10:29:08.0921034Z ##[group]Setting up auth
2025-01-04T10:29:08.0925854Z [command]/usr/bin/git config --local --name-only --get-regexp core\.sshCommand
2025-01-04T10:29:08.0958133Z [command]/usr/bin/git submodule foreach --recursive sh -c "git config --local --name-only --get-regexp 'core\.sshCommand' && git config --local --unset-all 'core.sshCommand' || :"
2025-01-04T10:29:08.1325030Z [command]/usr/bin/git config --local --name-only --get-regexp http\.https\:\/\/github\.com\/\.extraheader
2025-01-04T10:29:08.1357534Z [command]/usr/bin/git submodule foreach --recursive sh -c "git config --local --name-only --get-regexp 'http\.https\:\/\/github\.com\/\.extraheader' && git config --local --unset-all 'http.https://github.com/.extraheader' || :"
2025-01-04T10:29:08.1576724Z [command]/usr/bin/git config --local http.https://github.com/.extraheader AUTHORIZATION: basic ***
2025-01-04T10:29:08.1610844Z ##[endgroup]
2025-01-04T10:29:08.1612424Z ##[group]Fetching the repository
2025-01-04T10:29:08.1621533Z [command]/usr/bin/git -c protocol.version=2 fetch --no-tags --prune --no-recurse-submodules --depth=1 origin +be820b0729472ba1ce0ef93c7b867ce08f5f6a52:refs/remotes/origin/main
2025-01-04T10:29:08.4241230Z From https://github.com/drzo/bolt.diy-v2
2025-01-04T10:29:08.4243152Z  * [new ref]         be820b0729472ba1ce0ef93c7b867ce08f5f6a52 -> origin/main
2025-01-04T10:29:08.4268056Z ##[endgroup]
2025-01-04T10:29:08.4269745Z ##[group]Determining the checkout info
2025-01-04T10:29:08.4271468Z ##[endgroup]
2025-01-04T10:29:08.4274465Z [command]/usr/bin/git sparse-checkout disable
2025-01-04T10:29:08.4315179Z [command]/usr/bin/git config --local --unset-all extensions.worktreeConfig
2025-01-04T10:29:08.4342131Z ##[group]Checking out the ref
2025-01-04T10:29:08.4345040Z [command]/usr/bin/git checkout --progress --force -B main refs/remotes/origin/main
2025-01-04T10:29:08.4577125Z Switched to a new branch 'main'
2025-01-04T10:29:08.4579843Z branch 'main' set up to track 'origin/main'.
2025-01-04T10:29:08.4587468Z ##[endgroup]
2025-01-04T10:29:08.4628398Z [command]/usr/bin/git log -1 --format=%H
2025-01-04T10:29:08.4650607Z be820b0729472ba1ce0ef93c7b867ce08f5f6a52
2025-01-04T10:29:08.4936772Z ##[group]Run actions/setup-node@v4
2025-01-04T10:29:08.4937874Z with:
2025-01-04T10:29:08.4938602Z   node-version: 20
2025-01-04T10:29:08.4939429Z   always-auth: false
2025-01-04T10:29:08.4940280Z   check-latest: false
2025-01-04T10:29:08.4941468Z   token: ***
2025-01-04T10:29:08.4942242Z ##[endgroup]
2025-01-04T10:29:08.6762075Z Found in cache @ /opt/hostedtoolcache/node/20.18.1/x64
2025-01-04T10:29:08.6767680Z ##[group]Environment details
2025-01-04T10:29:09.0432131Z node: v20.18.1
2025-01-04T10:29:09.0433800Z npm: 10.8.2
2025-01-04T10:29:09.0435236Z yarn: 1.22.22
2025-01-04T10:29:09.0436853Z ##[endgroup]
2025-01-04T10:29:09.0590275Z ##[group]Run pnpm/action-setup@v2
2025-01-04T10:29:09.0591222Z with:
2025-01-04T10:29:09.0591882Z   version: 8
2025-01-04T10:29:09.0592602Z   dest: ~/setup-pnpm
2025-01-04T10:29:09.0593383Z   run_install: null
2025-01-04T10:29:09.0594171Z   package_json_file: package.json
2025-01-04T10:29:09.0595562Z   standalone: false
2025-01-04T10:29:09.0596311Z ##[endgroup]
2025-01-04T10:29:09.1495263Z ##[group]Running self-installer...
2025-01-04T10:29:09.7226476Z Progress: resolved 1, reused 0, downloaded 0, added 0
2025-01-04T10:29:09.7311113Z Packages: +1
2025-01-04T10:29:09.7312060Z +
2025-01-04T10:29:10.2950661Z Packages are hard linked from the content-addressable store to the virtual store.
2025-01-04T10:29:10.2951847Z   Content-addressable store is at: /home/runner/.local/share/pnpm/store/v3
2025-01-04T10:29:10.2952749Z   Virtual store is at:             node_modules/.pnpm
2025-01-04T10:29:10.3228655Z 
2025-01-04T10:29:10.3229185Z dependencies:
2025-01-04T10:29:10.3229881Z + pnpm 8.15.9 (9.15.2 is available)
2025-01-04T10:29:10.3230239Z 
2025-01-04T10:29:10.3270938Z Done in 1s
2025-01-04T10:29:10.7233088Z Progress: resolved 1, reused 0, downloaded 1, added 1, done
2025-01-04T10:29:10.7363713Z ##[endgroup]
2025-01-04T10:29:10.7369211Z Installation Completed!
2025-01-04T10:29:10.7471884Z ##[group]Run pnpm install
2025-01-04T10:29:10.7472208Z pnpm install
2025-01-04T10:29:10.7503072Z shell: /usr/bin/bash -e {0}
2025-01-04T10:29:10.7503340Z env:
2025-01-04T10:29:10.7503576Z   PNPM_HOME: /home/runner/setup-pnpm/node_modules/.bin
2025-01-04T10:29:10.7503861Z ##[endgroup]
2025-01-04T10:29:11.2162992Z  WARN  Ignoring not compatible lockfile at /home/runner/work/bolt.diy-v2/bolt.diy-v2/pnpm-lock.yaml
2025-01-04T10:29:11.3830089Z Progress: resolved 1, reused 0, downloaded 0, added 0
2025-01-04T10:29:12.3948640Z Progress: resolved 75, reused 0, downloaded 64, added 0
2025-01-04T10:29:13.4053200Z Progress: resolved 143, reused 0, downloaded 135, added 0
2025-01-04T10:29:14.4032807Z Progress: resolved 280, reused 0, downloaded 236, added 0
2025-01-04T10:29:15.4028681Z Progress: resolved 420, reused 0, downloaded 380, added 0
2025-01-04T10:29:16.4058177Z Progress: resolved 581, reused 0, downloaded 502, added 0
2025-01-04T10:29:17.4060431Z Progress: resolved 793, reused 0, downloaded 639, added 0
2025-01-04T10:29:18.4058950Z Progress: resolved 1043, reused 0, downloaded 879, added 0
2025-01-04T10:29:19.4812399Z  WARN  2 deprecated subdependencies found: rollup-plugin-inject@3.0.2, sourcemap-codec@1.4.8
2025-01-04T10:29:19.5441586Z Progress: resolved 1256, reused 0, downloaded 1076, added 0
2025-01-04T10:29:19.5680676Z Packages: +1129
2025-01-04T10:29:19.5681371Z ++++++++++++++++++++++++++++++++++++++++++++++++++++++++++++++++++++++++++++++++
2025-01-04T10:29:20.3967853Z Progress: resolved 1256, reused 0, downloaded 1129, added 1129, done
2025-01-04T10:29:20.5761520Z .../esbuild@0.17.19/node_modules/esbuild postinstall$ node install.js
2025-01-04T10:29:20.5771897Z .../esbuild@0.17.6/node_modules/esbuild postinstall$ node install.js
2025-01-04T10:29:20.5779885Z .../node_modules/workerd postinstall$ node install.js
2025-01-04T10:29:20.5784523Z .../esbuild@0.21.5/node_modules/esbuild postinstall$ node install.js
2025-01-04T10:29:20.5787073Z .../esbuild@0.23.1/node_modules/esbuild postinstall$ node install.js
2025-01-04T10:29:20.6585882Z .../esbuild@0.17.19/node_modules/esbuild postinstall: Done
2025-01-04T10:29:20.6726975Z .../esbuild@0.17.6/node_modules/esbuild postinstall: Done
2025-01-04T10:29:20.6996393Z .../esbuild@0.23.1/node_modules/esbuild postinstall: Done
2025-01-04T10:29:20.7008727Z .../esbuild@0.21.5/node_modules/esbuild postinstall: Done
2025-01-04T10:29:20.7078835Z .../node_modules/workerd postinstall: Done
2025-01-04T10:29:24.9846513Z 
2025-01-04T10:29:24.9847503Z > bolt@0.0.5 prepare /home/runner/work/bolt.diy-v2/bolt.diy-v2
2025-01-04T10:29:24.9848117Z > husky
2025-01-04T10:29:24.9848291Z 
2025-01-04T10:29:25.0377312Z 
2025-01-04T10:29:25.0377836Z dependencies:
2025-01-04T10:29:25.0378461Z + @ai-sdk/anthropic 0.0.39 (1.0.6 is available)
2025-01-04T10:29:25.0379017Z + @ai-sdk/cohere 1.0.6
2025-01-04T10:29:25.0379503Z + @ai-sdk/google 0.0.52 (1.0.12 is available)
2025-01-04T10:29:25.0380129Z + @ai-sdk/mistral 0.0.43 (1.0.6 is available)
2025-01-04T10:29:25.0380775Z + @ai-sdk/openai 0.0.66 (1.0.13 is available)
2025-01-04T10:29:25.0381345Z + @codemirror/autocomplete 6.18.4
2025-01-04T10:29:25.0381775Z + @codemirror/commands 6.7.1
2025-01-04T10:29:25.0382557Z + @codemirror/lang-cpp 6.0.2
2025-01-04T10:29:25.0383024Z + @codemirror/lang-css 6.3.1
2025-01-04T10:29:25.0383472Z + @codemirror/lang-html 6.4.9
2025-01-04T10:29:25.0383995Z + @codemirror/lang-javascript 6.2.2
2025-01-04T10:29:25.0384728Z + @codemirror/lang-json 6.0.1
2025-01-04T10:29:25.0385246Z + @codemirror/lang-markdown 6.3.1
2025-01-04T10:29:25.0385778Z + @codemirror/lang-python 6.1.6
2025-01-04T10:29:25.0386244Z + @codemirror/lang-sass 6.0.2
2025-01-04T10:29:25.0386655Z + @codemirror/lang-vue 0.1.3
2025-01-04T10:29:25.0387090Z + @codemirror/lang-wast 6.0.2
2025-01-04T10:29:25.0387536Z + @codemirror/language 6.10.8
2025-01-04T10:29:25.0387998Z + @codemirror/search 6.5.8
2025-01-04T10:29:25.0388438Z + @codemirror/state 6.5.0
2025-01-04T10:29:25.0388861Z + @codemirror/view 6.36.1
2025-01-04T10:29:25.0389644Z + @iconify-json/ph 1.2.2
2025-01-04T10:29:25.0390190Z + @iconify-json/svg-spinners 1.2.2
2025-01-04T10:29:25.0390626Z + @lezer/highlight 1.2.1
2025-01-04T10:29:25.0391110Z + @nanostores/react 0.7.3 (0.8.4 is available)
2025-01-04T10:29:25.0391568Z + @octokit/rest 21.0.2
2025-01-04T10:29:25.0392030Z + @octokit/types 13.6.2
2025-01-04T10:29:25.0392624Z + @openrouter/ai-sdk-provider 0.0.5 (0.0.6 is available)
2025-01-04T10:29:25.0393298Z + @radix-ui/react-context-menu 2.2.4
2025-01-04T10:29:25.0393850Z + @radix-ui/react-dialog 1.1.4
2025-01-04T10:29:25.0395018Z + @radix-ui/react-dropdown-menu 2.1.4
2025-01-04T10:29:25.0395645Z + @radix-ui/react-separator 1.1.1
2025-01-04T10:29:25.0396213Z + @radix-ui/react-switch 1.1.2
2025-01-04T10:29:25.0396727Z + @radix-ui/react-tooltip 1.1.6
2025-01-04T10:29:25.0397238Z + @remix-run/cloudflare 2.15.2
2025-01-04T10:29:25.0397747Z + @remix-run/cloudflare-pages 2.15.2
2025-01-04T10:29:25.0398182Z + @remix-run/react 2.15.2
2025-01-04T10:29:25.0398652Z + @uiw/codemirror-theme-vscode 4.23.7
2025-01-04T10:29:25.0399170Z + @unocss/reset 0.61.9 (0.65.3 is available)
2025-01-04T10:29:25.0399881Z + @webcontainer/api 1.3.0-internal.10 (1.5.1-internal.5 is available)
2025-01-04T10:29:25.0400460Z + @xterm/addon-fit 0.10.0
2025-01-04T10:29:25.0400909Z + @xterm/addon-web-links 0.11.0
2025-01-04T10:29:25.0401319Z + @xterm/xterm 5.5.0
2025-01-04T10:29:25.0401631Z + ai 4.0.26
2025-01-04T10:29:25.0401931Z + chalk 5.4.1
2025-01-04T10:29:25.0402343Z + date-fns 3.6.0 (4.1.0 is available)
2025-01-04T10:29:25.0402812Z + diff 5.2.0 (7.0.0 is available)
2025-01-04T10:29:25.0403191Z + dotenv 16.4.7
2025-01-04T10:29:25.0403511Z + file-saver 2.0.5
2025-01-04T10:29:25.0403853Z + framer-motion 11.15.0
2025-01-04T10:29:25.0404269Z + ignore 6.0.2 (7.0.0 is available)
2025-01-04T10:29:25.0405051Z + isbot 4.4.0 (5.1.19 is available)
2025-01-04T10:29:25.0405471Z + isomorphic-git 1.27.3
2025-01-04T10:29:25.0405841Z + istextorbinary 9.5.0
2025-01-04T10:29:25.0406163Z + jose 5.9.6
2025-01-04T10:29:25.0406477Z + js-cookie 3.0.5
2025-01-04T10:29:25.0406781Z + jszip 3.10.1
2025-01-04T10:29:25.0407191Z + nanostores 0.10.3 (0.11.3 is available)
2025-01-04T10:29:25.0407785Z + ollama-ai-provider 0.15.2 (1.1.0 is available)
2025-01-04T10:29:25.0408328Z + react 18.3.1 (19.0.0 is available)
2025-01-04T10:29:25.0408823Z + react-dom 18.3.1 (19.0.0 is available)
2025-01-04T10:29:25.0409272Z + react-hotkeys-hook 4.6.1
2025-01-04T10:29:25.0409661Z + react-markdown 9.0.1
2025-01-04T10:29:25.0410081Z + react-resizable-panels 2.1.7
2025-01-04T10:29:25.0410588Z + react-toastify 10.0.6 (11.0.2 is available)
2025-01-04T10:29:25.0411041Z + rehype-raw 7.0.0
2025-01-04T10:29:25.0411389Z + rehype-sanitize 6.0.0
2025-01-04T10:29:25.0411746Z + remark-gfm 4.0.0
2025-01-04T10:29:25.0412074Z + remix-island 0.2.0
2025-01-04T10:29:25.0412496Z + remix-utils 7.7.0 (8.0.0 is available)
2025-01-04T10:29:25.0412898Z + shiki 1.26.1
2025-01-04T10:29:25.0413221Z + unist-util-visit 5.0.0
2025-01-04T10:29:25.0413453Z 
2025-01-04T10:29:25.0413598Z devDependencies:
2025-01-04T10:29:25.0414049Z + @blitz/eslint-plugin 0.1.0 (0.1.3 is available)
2025-01-04T10:29:25.0414722Z + @cloudflare/workers-types 4.20241230.0
2025-01-04T10:29:25.0415419Z + @remix-run/dev 2.15.2
2025-01-04T10:29:25.0415871Z + @types/diff 5.2.3 (6.0.0 is available)
2025-01-04T10:29:25.0416402Z + @types/dom-speech-recognition 0.0.4
2025-01-04T10:29:25.0416867Z + @types/file-saver 2.0.7
2025-01-04T10:29:25.0417256Z + @types/js-cookie 3.0.6
2025-01-04T10:29:25.0417736Z + @types/react 18.3.18 (19.0.2 is available)
2025-01-04T10:29:25.0418311Z + @types/react-dom 18.3.5 (19.0.2 is available)
2025-01-04T10:29:25.0418772Z + fast-glob 3.3.2
2025-01-04T10:29:25.0419084Z + husky 9.1.7
2025-01-04T10:29:25.0419470Z + is-ci 3.0.1 (4.1.0 is available)
2025-01-04T10:29:25.0419882Z + node-fetch 3.3.2
2025-01-04T10:29:25.0420184Z + pnpm 9.15.2
2025-01-04T10:29:25.0420387Z + prettier 3.4.2
2025-01-04T10:29:25.0420589Z + sass-embedded 1.83.1
2025-01-04T10:29:25.0420802Z + typescript 5.7.2
2025-01-04T10:29:25.0421146Z + unified 11.0.5
2025-01-04T10:29:25.0421393Z + unocss 0.61.9 (0.65.3 is available)
2025-01-04T10:29:25.0421681Z + vite 5.4.11 (6.0.7 is available)
2025-01-04T10:29:25.0421977Z + vite-plugin-node-polyfills 0.22.0
2025-01-04T10:29:25.0422325Z + vite-plugin-optimize-css-modules 1.2.0
2025-01-04T10:29:25.0422845Z + vite-tsconfig-paths 4.3.2 (5.1.4 is available)
2025-01-04T10:29:25.0423324Z + vitest 2.1.8
2025-01-04T10:29:25.0423656Z + wrangler 3.99.0
2025-01-04T10:29:25.0423965Z + zod 3.24.1
2025-01-04T10:29:25.0424144Z 
2025-01-04T10:29:25.0424277Z Done in 14.2s
2025-01-04T10:29:25.1269658Z ##[group]Run pnpm run build
2025-01-04T10:29:25.1269940Z pnpm run build
2025-01-04T10:29:25.1296631Z shell: /usr/bin/bash -e {0}
2025-01-04T10:29:25.1296863Z env:
2025-01-04T10:29:25.1297085Z   PNPM_HOME: /home/runner/setup-pnpm/node_modules/.bin
2025-01-04T10:29:25.1297456Z   CLOUDFLARE_API_TOKEN: snv6k2_Vd0VexL0987hYSrs4aowHUnI421iPtzlp
2025-01-04T10:29:25.1297822Z   CLOUDFLARE_ACCOUNT_ID: d1fcd8dbbd35aec43e5499200f6baede
2025-01-04T10:29:25.1298246Z   FEATHERLESS_API_KEY: rc_b6ccf4862833f54a75c2e85294df72086a9c94ef6054fd58dba5f81336c88b43
2025-01-04T10:29:25.1299176Z   OPENAI_API_KEY: sk-svcacct-u1PDcisKxJPA9KhTfN38vSFFvwn425aK-V1Dd-TnHl0Kz4xBbtAdVO42RT1ttZ4fGT3BlbkFJ2JpwgkPQK4EPbnops1cHtytjtzlxZBMqNg2SapEbFiYi__05Ogv2NaBJobnRsBCmQA
2025-01-04T10:29:25.1300311Z   ANTHROPIC_API_KEY: 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
2025-01-04T10:29:25.1301103Z   OPEN_ROUTER_API_KEY: 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
2025-01-04T10:29:25.1301604Z   GROQ_API_KEY: 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
2025-01-04T10:29:25.1302012Z   HUGGINGFACE_API_KEY: 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
2025-01-04T10:29:25.1302321Z   VITE_LOG_LEVEL: debug
2025-01-04T10:29:25.1302518Z   DEFAULT_NUM_CTX: 32768
2025-01-04T10:29:25.1302722Z   NODE_ENV: production
2025-01-04T10:29:25.1302915Z ##[endgroup]
2025-01-04T10:29:25.5156824Z 
2025-01-04T10:29:25.5157417Z > bolt@0.0.5 build /home/runner/work/bolt.diy-v2/bolt.diy-v2
2025-01-04T10:29:25.5158047Z > remix vite:build
2025-01-04T10:29:25.5158301Z 
2025-01-04T10:29:26.3562545Z  warn  Data fetching is changing to a single fetch in React Router v7
2025-01-04T10:29:26.3563347Z ┃ You can use the `v3_singleFetch` future flag to opt-in early.
2025-01-04T10:29:26.3564063Z ┃ -> https://remix.run/docs/en/2.13.1/start/future-flags#v3_singleFetch
2025-01-04T10:29:26.3564780Z ┗
2025-01-04T10:29:28.6466069Z vite v5.4.11 building for production...
2025-01-04T10:29:28.7035364Z transforming...
2025-01-04T10:29:41.5148053Z ✓ 1907 modules transformed.
2025-01-04T10:29:41.5746757Z Generated an empty chunk: "api.enhancer".
2025-01-04T10:29:42.1361436Z Generated an empty chunk: "api.llmcall".
2025-01-04T10:29:42.1362056Z Generated an empty chunk: "api.models".
2025-01-04T10:29:42.1362602Z Generated an empty chunk: "api.chat".
2025-01-04T10:29:43.9414038Z rendering chunks...
2025-01-04T10:29:46.1513208Z [plugin:vite:reporter] [plugin vite:reporter] 
2025-01-04T10:29:46.1530113Z (!) /home/runner/work/bolt.diy-v2/bolt.diy-v2/app/lib/stores/workbench.ts is dynamically imported by /home/runner/work/bolt.diy-v2/bolt.diy-v2/app/lib/webcontainer/index.ts but also statically imported by /home/runner/work/bolt.diy-v2/bolt.diy-v2/app/components/chat/Artifact.tsx, /home/runner/work/bolt.diy-v2/bolt.diy-v2/app/components/chat/Chat.client.tsx, /home/runner/work/bolt.diy-v2/bolt.diy-v2/app/components/header/HeaderActionButtons.client.tsx, /home/runner/work/bolt.diy-v2/bolt.diy-v2/app/components/workbench/EditorPanel.tsx, /home/runner/work/bolt.diy-v2/bolt.diy-v2/app/components/workbench/Preview.tsx, /home/runner/work/bolt.diy-v2/bolt.diy-v2/app/components/workbench/Workbench.client.tsx, /home/runner/work/bolt.diy-v2/bolt.diy-v2/app/components/workbench/terminal/TerminalTabs.tsx, /home/runner/work/bolt.diy-v2/bolt.diy-v2/app/lib/hooks/useMessageParser.ts, /home/runner/work/bolt.diy-v2/bolt.diy-v2/app/lib/persistence/useChatHistory.ts, /home/runner/work/bolt.diy-v2/bolt.diy-v2/app/lib/stores/settings.ts, dynamic import will not move module into another chunk.
2025-01-04T10:29:46.1534160Z 
2025-01-04T10:29:46.6079960Z computing gzip size...
2025-01-04T10:29:47.0595153Z build/client/.vite/manifest.json                              144.61 kB │ gzip:  10.71 kB
2025-01-04T10:29:47.0596636Z build/client/assets/tailwind-compat-Bwh-BmjE.css                2.25 kB │ gzip:   1.00 kB
2025-01-04T10:29:47.0597679Z build/client/assets/xterm-LZoznX6r.css                          4.08 kB │ gzip:   1.67 kB
2025-01-04T10:29:47.0598602Z build/client/assets/index-DygJPlmn.css                          8.07 kB │ gzip:   2.10 kB
2025-01-04T10:29:47.0599540Z build/client/assets/ReactToastify-Bh76j7cs.css                 14.19 kB │ gzip:   2.71 kB
2025-01-04T10:29:47.0600480Z build/client/assets/index-BNYgI3gK.css                         17.22 kB │ gzip:   2.85 kB
2025-01-04T10:29:47.0601374Z build/client/assets/root-BlLB-kYX.css                         105.33 kB │ gzip:  22.40 kB
2025-01-04T10:29:47.0602303Z build/client/assets/api.enhancer-l0sNRNKZ.js                    0.00 kB │ gzip:   0.02 kB
2025-01-04T10:29:47.0603234Z build/client/assets/api.llmcall-l0sNRNKZ.js                     0.00 kB │ gzip:   0.02 kB
2025-01-04T10:29:47.0604154Z build/client/assets/api.models-l0sNRNKZ.js                      0.00 kB │ gzip:   0.02 kB
2025-01-04T10:29:47.0605200Z build/client/assets/api.chat-l0sNRNKZ.js                        0.00 kB │ gzip:   0.02 kB
2025-01-04T10:29:47.0606103Z build/client/assets/chat._id-B3Ra_xBv.js                        0.16 kB │ gzip:   0.14 kB
2025-01-04T10:29:47.0606987Z build/client/assets/_index-B4jDvkeq.js                          0.50 kB │ gzip:   0.35 kB
2025-01-04T10:29:47.0607918Z build/client/assets/codeowners-Bp6g37R7.js                      0.55 kB │ gzip:   0.32 kB
2025-01-04T10:29:47.0608870Z build/client/assets/shellsession-DU_2P5ZA.js                    0.72 kB │ gzip:   0.43 kB
2025-01-04T10:29:47.0609776Z build/client/assets/tsv-B_m7g4N7.js                             0.74 kB │ gzip:   0.34 kB
2025-01-04T10:29:47.0610688Z build/client/assets/html-derivative-CDVwFiY1.js                 0.97 kB │ gzip:   0.53 kB
2025-01-04T10:29:47.0611800Z build/client/assets/git-rebase-3YLVFLpI.js                      0.98 kB │ gzip:   0.44 kB
2025-01-04T10:29:47.0612699Z build/client/assets/qmldir-C8lEn-DE.js                          1.00 kB │ gzip:   0.45 kB
2025-01-04T10:29:47.0613645Z build/client/assets/fortran-fixed-form-C9lV_GL-.js              1.11 kB │ gzip:   0.55 kB
2025-01-04T10:29:47.0614865Z build/client/assets/csv-B0qRVHPH.js                             1.22 kB │ gzip:   0.37 kB
2025-01-04T10:29:47.0615785Z build/client/assets/xsl-BqG2VzO2.js                             1.39 kB │ gzip:   0.52 kB
2025-01-04T10:29:47.0616700Z build/client/assets/sparql-B5YtT9lV.js                          1.51 kB │ gzip:   0.82 kB
2025-01-04T10:29:47.0617615Z build/client/assets/ini-BjABl1g7.js                             1.53 kB │ gzip:   0.50 kB
2025-01-04T10:29:47.0618668Z build/client/assets/git-commit-C0WNX4K0.js                      1.53 kB │ gzip:   0.66 kB
2025-01-04T10:29:47.0619607Z build/client/assets/dotenv-DQxx3LPD.js                          1.69 kB │ gzip:   0.63 kB
2025-01-04T10:29:47.0620531Z build/client/assets/wenyan-7A4Fjokl.js                          1.71 kB │ gzip:   1.11 kB
2025-01-04T10:29:47.0621455Z build/client/assets/docker-COcR7UxN.js                          1.77 kB │ gzip:   0.61 kB
2025-01-04T10:29:47.0622363Z build/client/assets/hxml-BfFmssGd.js                            1.83 kB │ gzip:   0.90 kB
2025-01-04T10:29:47.0623257Z build/client/assets/desktop-DEIpsLCJ.js                         2.03 kB │ gzip:   0.79 kB
2025-01-04T10:29:47.0624167Z build/client/assets/edge-Cq_6DOij.js                            2.36 kB │ gzip:   0.70 kB
2025-01-04T10:29:47.0625285Z build/client/assets/reg-CrOfvjVs.js                             2.36 kB │ gzip:   0.71 kB
2025-01-04T10:29:47.0626189Z build/client/assets/berry-DnyWjya5.js                           2.42 kB │ gzip:   0.79 kB
2025-01-04T10:29:47.0627078Z build/client/assets/index-5V6cGx_9.js                           2.49 kB │ gzip:   1.54 kB
2025-01-04T10:29:47.0627962Z build/client/assets/erb-BgreK6rt.js                             2.61 kB │ gzip:   0.84 kB
2025-01-04T10:29:47.0628850Z build/client/assets/gleam-C30t_gpS.js                           2.63 kB │ gzip:   0.84 kB
2025-01-04T10:29:47.0629741Z build/client/assets/diff-Dnfm4U7b.js                            2.64 kB │ gzip:   0.73 kB
2025-01-04T10:29:47.0630632Z build/client/assets/index-BoQkZ5zB.js                           2.70 kB │ gzip:   1.54 kB
2025-01-04T10:29:47.0631518Z build/client/assets/hy-YurBl9Qv.js                              2.76 kB │ gzip:   1.19 kB
2025-01-04T10:29:47.0632381Z build/client/assets/json-DWmkr0yC.js                            2.91 kB │ gzip:   0.81 kB
2025-01-04T10:29:47.0633408Z build/client/assets/cairo-BM1Freo3.js                           2.93 kB │ gzip:   0.81 kB
2025-01-04T10:29:47.0634459Z build/client/assets/log-DhjS0j1J.js                             2.95 kB │ gzip:   0.89 kB
2025-01-04T10:29:47.0635402Z build/client/assets/jssm-DlYXzDlu.js                            2.97 kB │ gzip:   0.69 kB
2025-01-04T10:29:47.0636302Z build/client/assets/jsonl-NKd-Y1zG.js                           3.10 kB │ gzip:   0.82 kB
2025-01-04T10:29:47.0637177Z build/client/assets/jsonc-B8E-_56i.js                           3.20 kB │ gzip:   0.83 kB
2025-01-04T10:29:47.0638061Z build/client/assets/logo-Dtn98rcr.js                            3.21 kB │ gzip:   1.48 kB
2025-01-04T10:29:47.0638934Z build/client/assets/rel-Dzwn3p-3.js                             3.37 kB │ gzip:   1.10 kB
2025-01-04T10:29:47.0639939Z build/client/assets/genie-DJEtsjbi.js                           3.38 kB │ gzip:   1.21 kB
2025-01-04T10:29:47.0640827Z build/client/assets/po-BFLt1xDp.js                              3.38 kB │ gzip:   0.99 kB
2025-01-04T10:29:47.0641710Z build/client/assets/tasl-CQjiPCtT.js                            3.39 kB │ gzip:   0.89 kB
2025-01-04T10:29:47.0642595Z build/client/assets/vala-C8pgRvQH.js                            3.40 kB │ gzip:   1.19 kB
2025-01-04T10:29:47.0643491Z build/client/assets/mipsasm-BzaEo2Du.js                         3.41 kB │ gzip:   1.28 kB
2025-01-04T10:29:47.0644494Z build/client/assets/index-CC-OEcbr.js                           3.47 kB │ gzip:   1.76 kB
2025-01-04T10:29:47.0645396Z build/client/assets/json5-BDjtpMT8.js                           3.54 kB │ gzip:   0.94 kB
2025-01-04T10:29:47.0646313Z build/client/assets/ssh-config-D-RymO5g.js                      3.61 kB │ gzip:   1.59 kB
2025-01-04T10:29:47.0647218Z build/client/assets/fluent-CNRQ974Q.js                          3.62 kB │ gzip:   0.89 kB
2025-01-04T10:29:47.0648121Z build/client/assets/jsonnet-CpRrwcwt.js                         3.63 kB │ gzip:   1.06 kB
2025-01-04T10:29:47.0649020Z build/client/assets/narrat-DLbgOhZU.js                          3.69 kB │ gzip:   1.11 kB
2025-01-04T10:29:47.0649935Z build/client/assets/entry.client-DtcRLw9z.js                    3.69 kB │ gzip:   1.40 kB
2025-01-04T10:29:47.0650847Z build/client/assets/turtle-C0hdQUNN.js                          3.71 kB │ gzip:   0.98 kB
2025-01-04T10:29:47.0651756Z build/client/assets/splunk-j_FrBdja.js                          3.90 kB │ gzip:   1.65 kB
2025-01-04T10:29:47.0652633Z build/client/assets/glsl-bwZ1_LLM.js                            3.94 kB │ gzip:   1.43 kB
2025-01-04T10:29:47.0653520Z build/client/assets/nextflow-B2uSYIFn.js                        3.97 kB │ gzip:   1.11 kB
2025-01-04T10:29:47.0654644Z build/client/assets/sdbl-BLhTXw86.js                            4.14 kB │ gzip:   2.12 kB
2025-01-04T10:29:47.0655542Z build/client/assets/pascal-JqZropPD.js                          4.18 kB │ gzip:   1.68 kB
2025-01-04T10:29:47.0656446Z build/client/assets/smalltalk-DsCg8CPl.js                       4.20 kB │ gzip:   1.25 kB
2025-01-04T10:29:47.0657347Z build/client/assets/lean-yLioyJ2E.js                            4.25 kB │ gzip:   1.32 kB
2025-01-04T10:29:47.0658254Z build/client/assets/zenscript-NgWrSVUg.js                       4.39 kB │ gzip:   1.42 kB
2025-01-04T10:29:47.0659166Z build/client/assets/bicep-BWkuYGGO.js                           4.43 kB │ gzip:   1.07 kB
2025-01-04T10:29:47.0660055Z build/client/assets/polar-CFFzfAWz.js                           4.59 kB │ gzip:   1.16 kB
2025-01-04T10:29:47.0661108Z build/client/assets/http-CYnz8shJ.js                            4.65 kB │ gzip:   1.14 kB
2025-01-04T10:29:47.0662180Z build/client/assets/fennel-dZn0vQkf.js                          4.79 kB │ gzip:   1.54 kB
2025-01-04T10:29:47.0663077Z build/client/assets/tcl-NUI3YrRW.js                             5.00 kB │ gzip:   1.69 kB
2025-01-04T10:29:47.0663963Z build/client/assets/bibtex-CpWBKVjh.js                          5.07 kB │ gzip:   0.81 kB
2025-01-04T10:29:47.0665008Z build/client/assets/fish-CQzXS8_C.js                            5.39 kB │ gzip:   1.69 kB
2025-01-04T10:29:47.0665880Z build/client/assets/xml-BOQ9RtXF.js                             5.41 kB │ gzip:   1.23 kB
2025-01-04T10:29:47.0666744Z build/client/assets/qml-Dhho_E4W.js                             5.41 kB │ gzip:   1.39 kB
2025-01-04T10:29:47.0667640Z build/client/assets/gdresource-NFcQ0Q3Z.js                      5.46 kB │ gzip:   1.37 kB
2025-01-04T10:29:47.0668545Z build/client/assets/zig-D44NvAEk.js                             5.46 kB │ gzip:   1.60 kB
2025-01-04T10:29:47.0669410Z build/client/assets/awk-BINKOAKH.js                             5.49 kB │ gzip:   1.39 kB
2025-01-04T10:29:47.0670290Z build/client/assets/dax-yA8e6OR-.js                             5.53 kB │ gzip:   2.28 kB
2025-01-04T10:29:47.0671168Z build/client/assets/jinja-BORjBBXU.js                           5.67 kB │ gzip:   1.41 kB
2025-01-04T10:29:47.0672061Z build/client/assets/verilog-6RUVFG9U.js                         5.90 kB │ gzip:   1.89 kB
2025-01-04T10:29:47.0672592Z 
2025-01-04T10:29:47.0672930Z (!) Some chunks are larger than 500 kB after minification. Consider:
2025-01-04T10:29:47.0673379Z - Using dynamic import() to code-split the application
2025-01-04T10:29:47.0674138Z - Use build.rollupOptions.output.manualChunks to improve chunking: https://rollupjs.org/configuration-options/#output-manualchunks
2025-01-04T10:29:47.0675284Z - Adjust chunk size limit for this warning via build.chunkSizeWarningLimit.
2025-01-04T10:29:47.0676590Z build/client/assets/powerquery-ByY1Guvr.js                      5.93 kB │ gzip:   1.52 kB
2025-01-04T10:29:47.0677564Z build/client/assets/coq-BCzYJAay.js                             5.99 kB │ gzip:   2.02 kB
2025-01-04T10:29:47.0678453Z build/client/assets/vb-Bv-mwDEg.js                              6.24 kB │ gzip:   2.36 kB
2025-01-04T10:29:47.0679351Z build/client/assets/shaderlab-CsYUIUcf.js                       6.25 kB │ gzip:   2.09 kB
2025-01-04T10:29:47.0680251Z build/client/assets/red-bN70gL4F.js                             6.26 kB │ gzip:   1.60 kB
2025-01-04T10:29:47.0681136Z build/client/assets/min-dark-CafNBF8u.js                        6.29 kB │ gzip:   1.71 kB
2025-01-04T10:29:47.0682055Z build/client/assets/gdshader-BSHf-0eb.js                        6.35 kB │ gzip:   1.75 kB
2025-01-04T10:29:47.0683313Z build/client/assets/prisma-CZzQMiei.js                          6.38 kB │ gzip:   1.40 kB
2025-01-04T10:29:47.0684269Z build/client/assets/solarized-light-L9t79GZl.js                 6.48 kB │ gzip:   1.73 kB
2025-01-04T10:29:47.0685465Z build/client/assets/wgsl-CSoQzgif.js                            6.49 kB │ gzip:   1.71 kB
2025-01-04T10:29:47.0686357Z build/client/assets/postcss-DmF4-xLG.js                         6.51 kB │ gzip:   1.93 kB
2025-01-04T10:29:47.0687255Z build/client/assets/toml-Dwo6uFCY.js                            6.53 kB │ gzip:   1.31 kB
2025-01-04T10:29:47.0688147Z build/client/assets/proto-hdsyEllQ.js                           6.57 kB │ gzip:   1.42 kB
2025-01-04T10:29:47.0689066Z build/client/assets/talonscript-CGXjegLJ.js                     6.70 kB │ gzip:   1.47 kB
2025-01-04T10:29:47.0689987Z build/client/assets/clojure-mLcCfA0-.js                         6.74 kB │ gzip:   1.46 kB
2025-01-04T10:29:47.0690881Z build/client/assets/cypher-DfpIq38s.js                          6.81 kB │ gzip:   1.84 kB
2025-01-04T10:29:47.0691807Z build/client/assets/solarized-dark-DXbdFlpD.js                  6.85 kB │ gzip:   1.80 kB
2025-01-04T10:29:47.0692933Z build/client/assets/soy-aWhPD8Nq.js                             6.95 kB │ gzip:   1.67 kB
2025-01-04T10:29:47.0693836Z build/client/assets/min-light-CTRr51gU.js                       6.97 kB │ gzip:   1.89 kB
2025-01-04T10:29:47.0695106Z build/client/assets/ara-CJxt7p29.js                             7.24 kB │ gzip:   2.13 kB
2025-01-04T10:29:47.0696004Z build/client/assets/hlsl-DkpUthgY.js                            7.57 kB │ gzip:   2.24 kB
2025-01-04T10:29:47.0696894Z build/client/assets/riscv-BGct0Hx7.js                           7.70 kB │ gzip:   2.22 kB
2025-01-04T10:29:47.0697788Z build/client/assets/qss-DhMKtDLN.js                             7.82 kB │ gzip:   2.59 kB
2025-01-04T10:29:47.0698934Z build/client/assets/dart-C4Ro8ZjH.js                            7.86 kB │ gzip:   1.92 kB
2025-01-04T10:29:47.0699837Z build/client/assets/monokai-D4h5O-jR.js                         7.88 kB │ gzip:   1.91 kB
2025-01-04T10:29:47.0700733Z build/client/assets/systemd-DA0ESIWO.js                         7.90 kB │ gzip:   2.54 kB
2025-01-04T10:29:47.0701634Z build/client/assets/regexp-DoiKbUTj.js                          8.07 kB │ gzip:   1.46 kB
2025-01-04T10:29:47.0702516Z build/client/assets/haml-B1jT_oKV.js                            8.46 kB │ gzip:   1.87 kB
2025-01-04T10:29:47.0703387Z build/client/assets/typst-F89DG-fP.js                           8.51 kB │ gzip:   1.70 kB
2025-01-04T10:29:47.0704387Z build/client/assets/plsql-LKU2TuZ1.js                           8.57 kB │ gzip:   3.00 kB
2025-01-04T10:29:47.0705859Z build/client/assets/scheme-BbccZ3y2.js                          8.69 kB │ gzip:   2.60 kB
2025-01-04T10:29:47.0706844Z build/client/assets/vue-html-59TQSa_j.js                        8.69 kB │ gzip:   1.78 kB
2025-01-04T10:29:47.0707748Z build/client/assets/kotlin-BZRbnyjI.js                          8.81 kB │ gzip:   2.14 kB
2025-01-04T10:29:47.0708671Z build/client/assets/andromeeda-C3khCPGq.js                      8.86 kB │ gzip:   2.31 kB
2025-01-04T10:29:47.0709600Z build/client/assets/make-DNDvMORL.js                            9.01 kB │ gzip:   1.77 kB
2025-01-04T10:29:47.0710710Z build/client/assets/dark-plus-C3mMm8J8.js                       9.10 kB │ gzip:   2.10 kB
2025-01-04T10:29:47.0711641Z build/client/assets/slack-dark-BthQWCQV.js                      9.12 kB │ gzip:   1.97 kB
2025-01-04T10:29:47.0712552Z build/client/assets/ts-tags-CiO5kd_m.js                         9.14 kB │ gzip:   1.25 kB
2025-01-04T10:29:47.0713458Z build/client/assets/plastic-3e1v2bzS.js                         9.30 kB │ gzip:   1.98 kB
2025-01-04T10:29:47.0714582Z build/client/assets/tex-Dej6pUpk.js                             9.35 kB │ gzip:   2.94 kB
2025-01-04T10:29:47.0715546Z build/client/assets/sass-BrbOHqWv.js                            9.41 kB │ gzip:   2.50 kB
2025-01-04T10:29:47.0716482Z build/client/assets/slack-ochin-DqwNpetd.js                     9.43 kB │ gzip:   2.10 kB
2025-01-04T10:29:47.0717396Z build/client/assets/git-C66ogvDe.js                             9.47 kB │ gzip:   3.69 kB
2025-01-04T10:29:47.0718478Z build/client/assets/jison-Ct8rtT8R.js                           9.70 kB │ gzip:   1.87 kB
2025-01-04T10:29:47.0719367Z build/client/assets/sas-K_Wwm3IX.js                             9.79 kB │ gzip:   4.07 kB
2025-01-04T10:29:47.0720265Z build/client/assets/light-plus-B7mTdjB0.js                      9.94 kB │ gzip:   2.27 kB
2025-01-04T10:29:47.0721350Z build/client/assets/gherkin--30QC5Em.js                        10.12 kB │ gzip:   5.14 kB
2025-01-04T10:29:47.0722456Z build/client/assets/cmake-DbXoA79R.js                          10.50 kB │ gzip:   3.59 kB
2025-01-04T10:29:47.0723347Z build/client/assets/raku-DZ4hUExO.js                           10.59 kB │ gzip:   2.96 kB
2025-01-04T10:29:47.0724246Z build/client/assets/dream-maker-BMwgFBEQ.js                    10.59 kB │ gzip:   2.31 kB
2025-01-04T10:29:47.0725544Z build/client/assets/rst-BCmapc_q.js                            10.64 kB │ gzip:   2.42 kB
2025-01-04T10:29:47.0726471Z build/client/assets/beancount-DDUKAZWS.js                      10.74 kB │ gzip:   1.51 kB
2025-01-04T10:29:47.0727544Z build/client/assets/yaml-CIiI48o2.js                           10.79 kB │ gzip:   2.30 kB
2025-01-04T10:29:47.0728584Z build/client/assets/cadence-CEjiMJLT.js                        11.01 kB │ gzip:   2.32 kB
2025-01-04T10:29:47.0729477Z build/client/assets/elm-CTr_twwF.js                            11.07 kB │ gzip:   2.22 kB
2025-01-04T10:29:47.0730387Z build/client/assets/github-light-DAi9KRSo.js                   11.18 kB │ gzip:   2.51 kB
2025-01-04T10:29:47.0731339Z build/client/assets/stripIndent-BPSNtH7B.js                    11.32 kB │ gzip:   4.84 kB
2025-01-04T10:29:47.0732269Z build/client/assets/prolog-BNxDCkIA.js                         11.38 kB │ gzip:   3.83 kB
2025-01-04T10:29:47.0733181Z build/client/assets/github-dark-DHJKELXO.js                    11.41 kB │ gzip:   2.55 kB
2025-01-04T10:29:47.0734102Z build/client/assets/laserwave-DUszq2jm.js                      11.50 kB │ gzip:   2.58 kB
2025-01-04T10:29:47.0735139Z build/client/assets/puppet-DWMP3yrW.js                         11.63 kB │ gzip:   2.22 kB
2025-01-04T10:29:47.0736025Z build/client/assets/hcl-_Zu0RE-q.js                            11.83 kB │ gzip:   2.50 kB
2025-01-04T10:29:47.0736919Z build/client/assets/handlebars-HtVeTy3a.js                     12.26 kB │ gzip:   2.40 kB
2025-01-04T10:29:47.0737833Z build/client/assets/hjson-D9Bn7OQI.js                          12.28 kB │ gzip:   1.67 kB
2025-01-04T10:29:47.0738717Z build/client/assets/vesper-BEBZ7ncR.js                         12.66 kB │ gzip:   1.97 kB
2025-01-04T10:29:47.0739980Z build/client/assets/luau-DepYB8Ml.js                           12.80 kB │ gzip:   3.11 kB
2025-01-04T10:29:47.0741382Z build/client/assets/bat-B9Vj0mJK.js                            12.94 kB │ gzip:   3.26 kB
2025-01-04T10:29:47.0742658Z build/client/assets/apache-Dn00JSTd.js                         13.21 kB │ gzip:   3.79 kB
2025-01-04T10:29:47.0743782Z build/client/assets/terraform-rf8nNrOk.js                      13.23 kB │ gzip:   3.10 kB
2025-01-04T10:29:47.0745325Z build/client/assets/v-DH4N8IuU.js                              13.51 kB │ gzip:   2.83 kB
2025-01-04T10:29:47.0746643Z build/client/assets/vitesse-light-CVO1_9PV.js                  13.62 kB │ gzip:   3.04 kB
2025-01-04T10:29:47.0747727Z build/client/assets/aurora-x-D-2ljcwZ.js                       13.66 kB │ gzip:   2.28 kB
2025-01-04T10:29:47.0748857Z build/client/assets/vitesse-black-Bkuqu6BP.js                  13.68 kB │ gzip:   3.06 kB
2025-01-04T10:29:47.0750248Z build/client/assets/vitesse-dark-D0r3Knsf.js                   13.76 kB │ gzip:   3.06 kB
2025-01-04T10:29:47.0751521Z build/client/assets/synthwave-84-CbfX1IO0.js                   14.04 kB │ gzip:   2.87 kB
2025-01-04T10:29:47.0752959Z build/client/assets/github-light-default-D7oLnXFd.js           14.16 kB │ gzip:   3.04 kB
2025-01-04T10:29:47.0754558Z build/client/assets/github-light-high-contrast-BfjtVDDH.js     14.28 kB │ gzip:   3.02 kB
2025-01-04T10:29:47.0755908Z build/client/assets/clarity-CXmV_HiI.js                        14.42 kB │ gzip:   2.47 kB
2025-01-04T10:29:47.0756964Z build/client/assets/github-dark-dimmed-DH5Ifo-i.js             14.43 kB │ gzip:   3.13 kB
2025-01-04T10:29:47.0758055Z build/client/assets/github-dark-default-Cuk6v7N8.js            14.44 kB │ gzip:   3.13 kB
2025-01-04T10:29:47.0759167Z build/client/assets/actionscript-3-Ci-La1BS.js                 14.44 kB │ gzip:   2.79 kB
2025-01-04T10:29:47.0760246Z build/client/assets/github-dark-high-contrast-E3gJ1_iC.js      14.60 kB │ gzip:   3.09 kB
2025-01-04T10:29:47.0762141Z build/client/assets/pug-BbGfWiEl.js                            14.88 kB │ gzip:   2.91 kB
2025-01-04T10:29:47.0763812Z build/client/assets/gnuplot-CmWLV2bY.js                        14.91 kB │ gzip:   3.30 kB
2025-01-04T10:29:47.0765347Z build/client/assets/ayu-dark-Cv9koXgw.js                       14.95 kB │ gzip:   3.08 kB
2025-01-04T10:29:47.0766306Z build/client/assets/nix-DVWcdiGS.js                            15.27 kB │ gzip:   2.32 kB
2025-01-04T10:29:47.0767560Z build/client/assets/lua-B2--UKVN.js                            15.43 kB │ gzip:   3.14 kB
2025-01-04T10:29:47.0769087Z build/client/assets/wasm-sH2JAGjN.js                           15.93 kB │ gzip:   2.90 kB
2025-01-04T10:29:47.0770498Z build/client/assets/solidity-DymQr0nX.js                       16.21 kB │ gzip:   3.12 kB
2025-01-04T10:29:47.0771960Z build/client/assets/abap-DdY7uXr-.js                           16.26 kB │ gzip:   5.93 kB
2025-01-04T10:29:47.0773130Z build/client/assets/cue-DmZ-uG0V.js                            16.78 kB │ gzip:   2.08 kB
2025-01-04T10:29:47.0774976Z build/client/assets/svelte-B94b8dMa.js                         16.86 kB │ gzip:   2.97 kB
2025-01-04T10:29:47.0777346Z build/client/assets/purescript-DvQyZZSe.js                     17.05 kB │ gzip:   2.65 kB
2025-01-04T10:29:47.0779355Z build/client/assets/liquid-DlGqZaOj.js                         17.12 kB │ gzip:   3.07 kB
2025-01-04T10:29:47.0781100Z build/client/assets/kanagawa-wave-2aygx1xg.js                  17.27 kB │ gzip:   2.95 kB
2025-01-04T10:29:47.0782486Z build/client/assets/kanagawa-lotus-zchoCBdH.js                 17.27 kB │ gzip:   2.95 kB
2025-01-04T10:29:47.0783533Z build/client/assets/kanagawa-dragon-RXHOmnpW.js                17.27 kB │ gzip:   2.97 kB
2025-01-04T10:29:47.0784927Z build/client/assets/angular-html-GqBVQ6Dm.js                   17.45 kB │ gzip:   3.48 kB
2025-01-04T10:29:47.0785974Z build/client/assets/rust-Bjs2cL5p.js                           17.60 kB │ gzip:   3.37 kB
2025-01-04T10:29:47.0787114Z build/client/assets/elixir-BoNJ9vXU.js                         18.16 kB │ gzip:   3.19 kB
2025-01-04T10:29:47.0788244Z build/client/assets/graphql-DqgCZ2sd.js                        18.20 kB │ gzip:   2.66 kB
2025-01-04T10:29:47.0789298Z build/client/assets/material-theme-D5KoaKCx.js                 18.62 kB │ gzip:   3.11 kB
2025-01-04T10:29:47.0790626Z build/client/assets/material-theme-darker-BfHTSMKl.js          18.63 kB │ gzip:   3.11 kB
2025-01-04T10:29:47.0793058Z build/client/assets/material-theme-ocean-CyktbL80.js           18.63 kB │ gzip:   3.14 kB
2025-01-04T10:29:47.0795518Z build/client/assets/material-theme-lighter-B0m2ddpp.js         18.63 kB │ gzip:   3.11 kB
2025-01-04T10:29:47.0797941Z build/client/assets/material-theme-palenight-Csfq5Kiy.js       18.64 kB │ gzip:   3.13 kB
2025-01-04T10:29:47.0799509Z build/client/assets/gdscript-BVlVXSjx.js                       18.64 kB │ gzip:   3.71 kB
2025-01-04T10:29:47.0800506Z build/client/assets/marko-BxSrAFJn.js                          19.30 kB │ gzip:   3.20 kB
2025-01-04T10:29:47.0820869Z build/client/assets/groovy-BWslPs4p.js                         19.60 kB │ gzip:   3.77 kB
2025-01-04T10:29:47.0822649Z build/client/assets/mdc-DfEMzj3F.js                            19.70 kB │ gzip:   6.61 kB
2025-01-04T10:29:47.0824540Z build/client/assets/nushell-ZJvK9Z2N.js                        19.73 kB │ gzip:   4.93 kB
2025-01-04T10:29:47.0826361Z build/client/assets/matlab-Kxp7UmFj.js                         20.04 kB │ gzip:   3.86 kB
2025-01-04T10:29:47.0828151Z build/client/assets/glimmer-js-D4fdoRWd.js                     20.04 kB │ gzip:   2.95 kB
2025-01-04T10:29:47.0829396Z build/client/assets/glimmer-ts-DFoQQgBS.js                     20.04 kB │ gzip:   2.95 kB
2025-01-04T10:29:47.0830366Z build/client/assets/move-EZUUsui8.js                           20.22 kB │ gzip:   4.04 kB
2025-01-04T10:29:47.0831492Z build/client/assets/kusto-0oeOWFlz.js                          20.63 kB │ gzip:   4.55 kB
2025-01-04T10:29:47.0832460Z build/client/assets/snazzy-light-Bw305WKR.js                   20.77 kB │ gzip:   3.83 kB
2025-01-04T10:29:47.0833398Z build/client/assets/viml-CIxipgmy.js                           20.98 kB │ gzip:   7.23 kB
2025-01-04T10:29:47.0834508Z build/client/assets/dracula-BzJJZx-M.js                        21.07 kB │ gzip:   4.00 kB
2025-01-04T10:29:47.0835459Z build/client/assets/dracula-soft-BXkSAIEj.js                   21.08 kB │ gzip:   4.04 kB
2025-01-04T10:29:47.0836358Z build/client/assets/vue-srE0XGv_.js                            21.48 kB │ gzip:   2.89 kB
2025-01-04T10:29:47.0837247Z build/client/assets/index-B5j1JBcf.js                          21.69 kB │ gzip:   9.78 kB
2025-01-04T10:29:47.0838289Z build/client/assets/rose-pine-CmCqftbK.js                      21.76 kB │ gzip:   3.87 kB
2025-01-04T10:29:47.0839241Z build/client/assets/rose-pine-moon-CjDtw9vr.js                 21.77 kB │ gzip:   3.89 kB
2025-01-04T10:29:47.0840185Z build/client/assets/rose-pine-dawn-Ds-gbosJ.js                 21.77 kB │ gzip:   3.89 kB
2025-01-04T10:29:47.0841120Z build/client/assets/powershell-DES0gjzB.js                     22.24 kB │ gzip:   4.70 kB
2025-01-04T10:29:47.0842027Z build/client/assets/twig-CvAdjvFj.js                           22.48 kB │ gzip:   4.05 kB
2025-01-04T10:29:47.0842902Z build/client/assets/apl-C6GBNg32.js                            22.84 kB │ gzip:   4.22 kB
2025-01-04T10:29:47.0843785Z build/client/assets/index-C8xCWBnq.js                          23.00 kB │ gzip:  10.20 kB
2025-01-04T10:29:47.0844889Z build/client/assets/nim-NHYZZDnF.js                            23.59 kB │ gzip:   3.49 kB
2025-01-04T10:29:47.0845785Z build/client/assets/vhdl-IBB5Tl9j.js                           23.66 kB │ gzip:   3.87 kB
2025-01-04T10:29:47.0846664Z build/client/assets/templ-MrK5mfgg.js                          23.68 kB │ gzip:   5.35 kB
2025-01-04T10:29:47.0847550Z build/client/assets/sql-D8nBeWSR.js                            23.89 kB │ gzip:   7.55 kB
2025-01-04T10:29:47.0848435Z build/client/assets/astro-DTSlZd1t.js                          24.06 kB │ gzip:   7.45 kB
2025-01-04T10:29:47.0849357Z build/client/assets/common-lisp-CQO4gZEw.js                    24.38 kB │ gzip:   6.17 kB
2025-01-04T10:29:47.0850302Z build/client/assets/one-light-PoHY5YXO.js                      25.30 kB │ gzip:   3.68 kB
2025-01-04T10:29:47.0851223Z build/client/assets/fsharp-Vw5t3P44.js                         25.47 kB │ gzip:   4.20 kB
2025-01-04T10:29:47.0852157Z build/client/assets/razor-CDyaIOPG.js                          25.60 kB │ gzip:   3.46 kB
2025-01-04T10:29:47.0853194Z build/client/assets/index-_HdLmQEg.js                          26.27 kB │ gzip:   8.76 kB
2025-01-04T10:29:47.0854123Z build/client/assets/system-verilog-DFQ4Xr-4.js                 26.66 kB │ gzip:   4.87 kB
2025-01-04T10:29:47.0855198Z build/client/assets/nord-Ddv68eIx.js                           26.72 kB │ gzip:   4.40 kB
2025-01-04T10:29:47.0856074Z build/client/assets/scss-BfMQ58X7.js                           27.35 kB │ gzip:   4.26 kB
2025-01-04T10:29:47.0856957Z build/client/assets/java-BN40hmum.js                           27.43 kB │ gzip:   4.33 kB
2025-01-04T10:29:47.0857837Z build/client/assets/bsl-Dgyn0ogV.js                            27.44 kB │ gzip:   8.92 kB
2025-01-04T10:29:47.0858734Z build/client/assets/coffee-CXcjgkhu.js                         27.68 kB │ gzip:   6.40 kB
2025-01-04T10:29:47.0859755Z build/client/assets/typespec-B_R80ZlN.js                       28.09 kB │ gzip:   2.83 kB
2025-01-04T10:29:47.0860656Z build/client/assets/index-BtPMTMkQ.js                          28.75 kB │ gzip:  11.70 kB
2025-01-04T10:29:47.0861570Z build/client/assets/night-owl-C39BiMTA.js                      28.91 kB │ gzip:   5.16 kB
2025-01-04T10:29:47.0862477Z build/client/assets/julia-Czdw582_.js                          29.29 kB │ gzip:   6.11 kB
2025-01-04T10:29:47.0863389Z build/client/assets/scala-Lp17StYA.js                          29.79 kB │ gzip:   4.29 kB
2025-01-04T10:29:47.0864461Z build/client/assets/applescript-DIt9OTko.js                    30.43 kB │ gzip:   6.32 kB
2025-01-04T10:29:47.0865498Z build/client/assets/stylus-DwU8c_yx.js                         31.53 kB │ gzip:   8.11 kB
2025-01-04T10:29:47.0866414Z build/client/assets/mermaid-BZ3P6AVf.js                        32.86 kB │ gzip:   4.63 kB
2025-01-04T10:29:47.0867330Z build/client/assets/poimandres-CS3Unz2-.js                     33.49 kB │ gzip:   5.50 kB
2025-01-04T10:29:47.0868254Z build/client/assets/codeql-Bdprqoiu.js                         33.56 kB │ gzip:   3.99 kB
2025-01-04T10:29:47.0869157Z build/client/assets/crystal-DFEzbmK1.js                        33.65 kB │ gzip:   5.58 kB
2025-01-04T10:29:47.0870093Z build/client/assets/one-dark-pro-GBQ2dnAY.js                   33.74 kB │ gzip:   5.51 kB
2025-01-04T10:29:47.0871044Z build/client/assets/tokyo-night-DBQeEorK.js                    34.36 kB │ gzip:   5.97 kB
2025-01-04T10:29:47.0871967Z build/client/assets/haxe-BgqZeg96.js                           35.23 kB │ gzip:   5.92 kB
2025-01-04T10:29:47.0872869Z build/client/assets/houston-DnULxvSX.js                        35.42 kB │ gzip:   5.78 kB
2025-01-04T10:29:47.0873765Z build/client/assets/nginx-Dw0nYz9L.js                          35.67 kB │ gzip:   4.48 kB
2025-01-04T10:29:47.0875032Z build/client/assets/erlang-CMOi41r9.js                         36.30 kB │ gzip:   4.43 kB
2025-01-04T10:29:47.0875923Z build/client/assets/r-Cqv5JV-q.js                              36.86 kB │ gzip:  11.22 kB
2025-01-04T10:29:47.0876791Z build/client/assets/cobol-NX_YbRMJ.js                          40.45 kB │ gzip:  11.06 kB
2025-01-04T10:29:47.0877665Z build/client/assets/asm-DPTZissz.js                            40.79 kB │ gzip:   8.17 kB
2025-01-04T10:29:47.0878576Z build/client/assets/shellscript-HNM5thJl.js                    42.55 kB │ gzip:   6.29 kB
2025-01-04T10:29:47.0879472Z build/client/assets/d-B5L7zzq-.js                              42.98 kB │ gzip:   8.39 kB
2025-01-04T10:29:47.0880339Z build/client/assets/index-BwK_MCFn.js                          43.05 kB │ gzip:  14.84 kB
2025-01-04T10:29:47.0881383Z build/client/assets/haskell-ChDww4um.js                        43.06 kB │ gzip:   6.97 kB
2025-01-04T10:29:47.0882286Z build/client/assets/perl-DLffUHFU.js                           44.22 kB │ gzip:   4.84 kB
2025-01-04T10:29:47.0883175Z build/client/assets/index-BIrXtPuK.js                          44.72 kB │ gzip:  19.08 kB
2025-01-04T10:29:47.0884100Z build/client/assets/catppuccin-mocha-LGGdnPYs.js               45.61 kB │ gzip:   7.73 kB
2025-01-04T10:29:47.0885303Z build/client/assets/catppuccin-latte-DRW-0cLl.js               45.61 kB │ gzip:   7.74 kB
2025-01-04T10:29:47.0886276Z build/client/assets/catppuccin-frappe-CD_QflpE.js              45.62 kB │ gzip:   7.75 kB
2025-01-04T10:29:47.0887268Z build/client/assets/catppuccin-macchiato-C-_shW-Y.js           45.62 kB │ gzip:   7.74 kB
2025-01-04T10:29:47.0888218Z build/client/assets/apex-BzwtH5UL.js                           46.44 kB │ gzip:   6.75 kB
2025-01-04T10:29:47.0889094Z build/client/assets/ada-BuBMJB-y.js                            48.51 kB │ gzip:   6.04 kB
2025-01-04T10:29:47.0889952Z build/client/assets/css-u4bm_LMz.js                            49.26 kB │ gzip:  11.91 kB
2025-01-04T10:29:47.0890836Z build/client/assets/imba-C6vdFTm2.js                           51.06 kB │ gzip:   9.66 kB
2025-01-04T10:29:47.0891714Z build/client/assets/ruby-DsC6krmi.js                           51.42 kB │ gzip:   7.11 kB
2025-01-04T10:29:47.0892585Z build/client/assets/go-C5-9kuJc.js                             51.64 kB │ gzip:   6.37 kB
2025-01-04T10:29:47.0893512Z build/client/assets/everforest-dark-BgDCqdQA.js                53.75 kB │ gzip:   8.42 kB
2025-01-04T10:29:47.0894633Z build/client/assets/everforest-light-C8M2exoo.js               53.75 kB │ gzip:   8.42 kB
2025-01-04T10:29:47.0895585Z build/client/assets/wikitext-BqtQrzRp.js                       56.54 kB │ gzip:   4.81 kB
2025-01-04T10:29:47.0896635Z build/client/assets/markdown-CNXuF1yM.js                       56.97 kB │ gzip:   5.63 kB
2025-01-04T10:29:47.0897545Z build/client/assets/html-DG1TtFnM.js                           59.05 kB │ gzip:  11.79 kB
2025-01-04T10:29:47.0898434Z build/client/assets/latex-BpoAco4y.js                          59.38 kB │ gzip:   6.01 kB
2025-01-04T10:29:47.0899335Z build/client/assets/ballerina-DCcCncrU.js                      59.74 kB │ gzip:   8.21 kB
2025-01-04T10:29:47.0900226Z build/client/assets/stata-bRt97scT.js                          60.76 kB │ gzip:  13.68 kB
2025-01-04T10:29:47.0901107Z build/client/assets/ocaml-CLmbwNS9.js                          64.79 kB │ gzip:   5.14 kB
2025-01-04T10:29:47.0901998Z build/client/assets/root-aWGgm1At.js                           72.32 kB │ gzip:  23.72 kB
2025-01-04T10:29:47.0902998Z build/client/assets/mojo-B2bjgU-v.js                           72.42 kB │ gzip:  10.33 kB
2025-01-04T10:29:47.0903886Z build/client/assets/python-CK56Z9cH.js                         73.39 kB │ gzip:  10.41 kB
2025-01-04T10:29:47.0904921Z build/client/assets/c-BhsLqr-4.js                              73.88 kB │ gzip:  10.64 kB
2025-01-04T10:29:47.0905802Z build/client/assets/vyper-DzaHHFTY.js                          78.09 kB │ gzip:  12.03 kB
2025-01-04T10:29:47.0906693Z build/client/assets/hack-BV5LM4CS.js                           84.21 kB │ gzip:  27.43 kB
2025-01-04T10:29:47.0907564Z build/client/assets/index-CT9-J_11.js                          86.20 kB │ gzip:  34.15 kB
2025-01-04T10:29:47.0908452Z build/client/assets/csharp-D7v6OrNy.js                         86.37 kB │ gzip:  10.32 kB
2025-01-04T10:29:47.0909351Z build/client/assets/asciidoc-CcSEeikT.js                       93.48 kB │ gzip:   7.43 kB
2025-01-04T10:29:47.0910255Z build/client/assets/swift-D2TqM893.js                          97.47 kB │ gzip:  16.87 kB
2025-01-04T10:29:47.0911143Z build/client/assets/racket-CwIbMU3B.js                         97.51 kB │ gzip:  15.61 kB
2025-01-04T10:29:47.0912073Z build/client/assets/fortran-free-form-B3Z_eaxm.js              97.89 kB │ gzip:  12.24 kB
2025-01-04T10:29:47.0912990Z build/client/assets/index-DyY1_EGl.js                         101.46 kB │ gzip:  33.76 kB
2025-01-04T10:29:47.0913866Z build/client/assets/less-Dk1rBueR.js                          102.42 kB │ gzip:  15.11 kB
2025-01-04T10:29:47.0914966Z build/client/assets/blade-CPEzV-UE.js                         104.32 kB │ gzip:  27.78 kB
2025-01-04T10:29:47.0915897Z build/client/assets/objective-c-B6NdQBKR.js                   107.76 kB │ gzip:  23.24 kB
2025-01-04T10:29:47.0916816Z build/client/assets/php-D3VTUn6x.js                           109.78 kB │ gzip:  27.92 kB
2025-01-04T10:29:47.0917836Z build/client/assets/mdx-Bcw97oti.js                           140.05 kB │ gzip:  23.58 kB
2025-01-04T10:29:47.0918758Z build/client/assets/objective-cpp-BkG9CdHo.js                 175.50 kB │ gzip:  30.67 kB
2025-01-04T10:29:47.0919701Z build/client/assets/javascript-DNgb01dh.js                    184.42 kB │ gzip:  16.93 kB
2025-01-04T10:29:47.0920594Z build/client/assets/tsx-DqpEK-75.js                           185.14 kB │ gzip:  16.92 kB
2025-01-04T10:29:47.0921466Z build/client/assets/jsx-CM4fc1WH.js                           187.40 kB │ gzip:  16.96 kB
2025-01-04T10:29:47.0922368Z build/client/assets/typescript-CVESyXxo.js                    192.44 kB │ gzip:  16.59 kB
2025-01-04T10:29:47.0923304Z build/client/assets/angular-ts-MKs4dlu_.js                    195.20 kB │ gzip:  17.18 kB
2025-01-04T10:29:47.0924488Z build/client/assets/components-DhbXtKtq.js                    253.79 kB │ gzip:  81.70 kB
2025-01-04T10:29:47.0925539Z build/client/assets/wolfram-aeT0-ak7.js                       268.53 kB │ gzip:  77.04 kB
2025-01-04T10:29:47.0926442Z build/client/assets/wasm-CG6Dc4jp.js                          622.34 kB │ gzip: 230.29 kB
2025-01-04T10:29:47.0927328Z build/client/assets/cpp-IRqjNdQP.js                           694.55 kB │ gzip:  50.14 kB
2025-01-04T10:29:47.0928242Z build/client/assets/emacs-lisp-CMz7PuSU.js                    804.67 kB │ gzip: 196.96 kB
2025-01-04T10:29:47.0929145Z build/client/assets/index-BS9aFtAj.js                       2,272.10 kB │ gzip: 674.24 kB
2025-01-04T10:29:47.0929674Z ✓ built in 18.40s
2025-01-04T10:29:47.7078104Z vite v5.4.11 building SSR bundle for production...
2025-01-04T10:29:47.7110914Z transforming...
2025-01-04T10:29:48.1599000Z ✓ 87 modules transformed.
2025-01-04T10:29:48.5149864Z rendering chunks...
2025-01-04T10:29:48.5202183Z build/server/.vite/manifest.json                    1.63 kB
2025-01-04T10:29:48.5203661Z build/server/assets/tailwind-compat-Bwh-BmjE.css    2.25 kB
2025-01-04T10:29:48.5205341Z build/server/assets/xterm-LZoznX6r.css              4.08 kB
2025-01-04T10:29:48.5206812Z build/server/assets/ReactToastify-Bh76j7cs.css     14.19 kB
2025-01-04T10:29:48.5208200Z build/server/assets/index-BNYgI3gK.css             17.22 kB
2025-01-04T10:29:48.5209683Z build/server/assets/server-build-CoxMrTye.css      67.92 kB
2025-01-04T10:29:48.5210932Z build/server/index.js                             172.72 kB
2025-01-04T10:29:48.5277459Z ✓ built in 819ms
2025-01-04T10:29:48.6418725Z ##[group]Run npm install -g wrangler
2025-01-04T10:29:48.6419044Z npm install -g wrangler
2025-01-04T10:29:48.6445706Z shell: /usr/bin/bash -e {0}
2025-01-04T10:29:48.6445938Z env:
2025-01-04T10:29:48.6446166Z   PNPM_HOME: /home/runner/setup-pnpm/node_modules/.bin
2025-01-04T10:29:48.6446458Z ##[endgroup]
2025-01-04T10:29:51.8706868Z npm warn deprecated sourcemap-codec@1.4.8: Please use @jridgewell/sourcemap-codec instead
2025-01-04T10:29:51.9381683Z npm warn deprecated rollup-plugin-inject@3.0.2: This package has been deprecated and is no longer maintained. Please use @rollup/plugin-inject.
2025-01-04T10:29:54.0867989Z 
2025-01-04T10:29:54.0868520Z added 67 packages in 5s
2025-01-04T10:29:54.0868850Z 
2025-01-04T10:29:54.0869127Z 11 packages are looking for funding
2025-01-04T10:29:54.0869612Z   run `npm fund` for details
2025-01-04T10:29:54.1075595Z ##[group]Run wrangler pages project create bolt-diy-v2 --production-branch main || true
2025-01-04T10:29:54.1076193Z wrangler pages project create bolt-diy-v2 --production-branch main || true
2025-01-04T10:29:54.1105550Z shell: /usr/bin/bash -e {0}
2025-01-04T10:29:54.1105782Z env:
2025-01-04T10:29:54.1106012Z   PNPM_HOME: /home/runner/setup-pnpm/node_modules/.bin
2025-01-04T10:29:54.1106398Z   CLOUDFLARE_API_TOKEN: snv6k2_Vd0VexL0987hYSrs4aowHUnI421iPtzlp
2025-01-04T10:29:54.1106786Z   CLOUDFLARE_ACCOUNT_ID: d1fcd8dbbd35aec43e5499200f6baede
2025-01-04T10:29:54.1107087Z ##[endgroup]
2025-01-04T10:29:54.8748206Z 
2025-01-04T10:29:54.9121234Z ✘ [ERROR] A request to the Cloudflare API (/accounts/d1fcd8dbbd35aec43e5499200f6baede/pages/projects) failed.
2025-01-04T10:29:54.9122109Z 
2025-01-04T10:29:54.9122657Z   A project with this name already exists. Choose a different project name. [code: 8000002]
2025-01-04T10:29:54.9123362Z   
2025-01-04T10:29:54.9124711Z   If you think this is a bug, please open an issue at: https://github.com/cloudflare/workers-sdk/issues/new/choose
2025-01-04T10:29:54.9125273Z 
2025-01-04T10:29:54.9125280Z 
2025-01-04T10:29:54.9568283Z ##[group]Run cloudflare/pages-action@v1
2025-01-04T10:29:54.9568552Z with:
2025-01-04T10:29:54.9568766Z   apiToken: snv6k2_Vd0VexL0987hYSrs4aowHUnI421iPtzlp
2025-01-04T10:29:54.9569081Z   accountId: d1fcd8dbbd35aec43e5499200f6baede
2025-01-04T10:29:54.9569346Z   projectName: bolt-diy-v2
2025-01-04T10:29:54.9569575Z   directory: build/client
2025-01-04T10:29:54.9570125Z   gitHubToken: ***
2025-01-04T10:29:54.9570323Z   branch: main
2025-01-04T10:29:54.9570502Z   wranglerVersion: 3
2025-01-04T10:29:54.9570682Z env:
2025-01-04T10:29:54.9570893Z   PNPM_HOME: /home/runner/setup-pnpm/node_modules/.bin
2025-01-04T10:29:54.9571268Z   CLOUDFLARE_API_TOKEN: snv6k2_Vd0VexL0987hYSrs4aowHUnI421iPtzlp
2025-01-04T10:29:54.9571628Z   CLOUDFLARE_ACCOUNT_ID: d1fcd8dbbd35aec43e5499200f6baede
2025-01-04T10:29:54.9572054Z   FEATHERLESS_API_KEY: rc_b6ccf4862833f54a75c2e85294df72086a9c94ef6054fd58dba5f81336c88b43
2025-01-04T10:29:54.9573033Z   OPENAI_API_KEY: sk-svcacct-u1PDcisKxJPA9KhTfN38vSFFvwn425aK-V1Dd-TnHl0Kz4xBbtAdVO42RT1ttZ4fGT3BlbkFJ2JpwgkPQK4EPbnops1cHtytjtzlxZBMqNg2SapEbFiYi__05Ogv2NaBJobnRsBCmQA
2025-01-04T10:29:54.9574178Z   ANTHROPIC_API_KEY: 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
2025-01-04T10:29:54.9575202Z   OPEN_ROUTER_API_KEY: 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
2025-01-04T10:29:54.9575718Z   GROQ_API_KEY: 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
2025-01-04T10:29:54.9576141Z   HUGGINGFACE_API_KEY: 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
2025-01-04T10:29:54.9576444Z   NODE_ENV: production
2025-01-04T10:29:54.9576636Z ##[endgroup]
2025-01-04T10:29:58.9592825Z ▲ [WARNING] `wrangler pages publish` is deprecated and will be removed in the next major version.
2025-01-04T10:29:58.9593669Z 
2025-01-04T10:29:58.9594191Z   Please use `wrangler pages deploy` instead, which accepts exactly the same arguments.
2025-01-04T10:29:58.9595004Z 
2025-01-04T10:29:58.9595054Z 
2025-01-04T10:29:59.2547425Z ▲ [WARNING] Warning: Your working directory is a git repo and has uncommitted changes
2025-01-04T10:29:59.2548134Z 
2025-01-04T10:29:59.2548420Z   To silence this warning, pass in --commit-dirty=true
2025-01-04T10:29:59.2549149Z 
2025-01-04T10:29:59.2549158Z 
2025-01-04T10:29:59.8486113Z ✨ Compiled Worker successfully
2025-01-04T10:30:00.4046461Z Uploading... (314/330)
2025-01-04T10:30:02.1108645Z Uploading... (319/330)
2025-01-04T10:30:02.3390059Z Uploading... (324/330)
2025-01-04T10:30:04.6146303Z Uploading... (330/330)
2025-01-04T10:30:04.6149857Z ✨ Success! Uploaded 16 files (314 already uploaded) (4.50 sec)
2025-01-04T10:30:04.6150602Z 
2025-01-04T10:30:04.9520506Z ✨ Uploading Functions bundle
2025-01-04T10:30:08.5711244Z 🌎 Deploying...
2025-01-04T10:30:12.1231144Z ✨ Deployment complete! Take a peek over at https://2b097198.bolt-diy-v2.pages.dev
2025-01-04T10:30:13.1484189Z npm notice
2025-01-04T10:30:13.1484932Z npm notice New major version of npm available! 10.8.2 -> 11.0.0
2025-01-04T10:30:13.1485469Z npm notice Changelog: https://github.com/npm/cli/releases/tag/v11.0.0
2025-01-04T10:30:13.1485927Z npm notice To update run: npm install -g npm@11.0.0
2025-01-04T10:30:13.1486211Z npm notice
2025-01-04T10:30:13.6362593Z Post job cleanup.
2025-01-04T10:30:13.7251166Z Pruning is unnecessary.
2025-01-04T10:30:13.7332442Z Post job cleanup.
2025-01-04T10:30:13.8961265Z Post job cleanup.
2025-01-04T10:30:13.9919370Z [command]/usr/bin/git version
2025-01-04T10:30:13.9960431Z git version 2.47.1
2025-01-04T10:30:14.0004689Z Temporarily overriding HOME='/home/runner/work/_temp/d1f3f917-2810-4966-b9ce-298d5a30ff16' before making global git config changes
2025-01-04T10:30:14.0006180Z Adding repository directory to the temporary git global config as a safe directory
2025-01-04T10:30:14.0011076Z [command]/usr/bin/git config --global --add safe.directory /home/runner/work/bolt.diy-v2/bolt.diy-v2
2025-01-04T10:30:14.0047816Z [command]/usr/bin/git config --local --name-only --get-regexp core\.sshCommand
2025-01-04T10:30:14.0079061Z [command]/usr/bin/git submodule foreach --recursive sh -c "git config --local --name-only --get-regexp 'core\.sshCommand' && git config --local --unset-all 'core.sshCommand' || :"
2025-01-04T10:30:14.0304630Z [command]/usr/bin/git config --local --name-only --get-regexp http\.https\:\/\/github\.com\/\.extraheader
2025-01-04T10:30:14.0324212Z http.https://github.com/.extraheader
2025-01-04T10:30:14.0337021Z [command]/usr/bin/git config --local --unset-all http.https://github.com/.extraheader
2025-01-04T10:30:14.0366925Z [command]/usr/bin/git submodule foreach --recursive sh -c "git config --local --name-only --get-regexp 'http\.https\:\/\/github\.com\/\.extraheader' && git config --local --unset-all 'http.https://github.com/.extraheader' || :"
2025-01-04T10:30:14.0686041Z Cleaning up orphan processes